<html>
<body>
<pre>
<h1>µVision Build Log</h1>
<h2>Tool Versions:</h2>
IDE-Version: ¦ÌVision V5.33.0.0
Copyright (C) 2020 ARM Ltd and ARM Germany GmbH. All rights reserved.
License Information: a b, c, LIC=UJWP0-BZ1CE-CXEU6-DH9VE-FS84T-07Y31
 
Tool Versions:
Toolchain:       MDK-ARM Plus  Version: 5.33.0.0
Toolchain Path:  D:\Keil_v5\ARM\ARMCLANG\Bin
C Compiler:      ArmClang.exe V6.15
Assembler:       Armasm.exe V6.15
Linker/Locator:  ArmLink.exe V6.15
Library Manager: ArmAr.exe V6.15
Hex Converter:   FromElf.exe V6.15
CPU DLL:         
Dialog DLL:      
Target DLL:      CMSIS_AGDI_V8M.DLL V1.6.17.0
Dialog DLL:      TCM.DLL V1.48.0.0
 
<h2>Project:</h2>
Z:\Aisinochip\uCOSIIv2.83\Bsp\ACM32F4\acm32f4_keil\ACM32F4.uvprojx
Project File Date:  01/26/2022

<h2>Output:</h2>
*** Using Compiler 'V6.15', folder: 'D:\Keil_v5\ARM\ARMCLANG\Bin'
Build target 'ACM32F4'
compiling main.c...
linking...
Program Size: Code=10206 RO-data=554 RW-data=4 ZI-data=7756  
FromELF: creating hex file...
After Build - User command #1: fromelf.exe --bin --output ./Out_Files/ACM32F4.bin ./Objects/ACM32F4.axf
".\Objects\ACM32F4.axf" - 0 Error(s), 0 Warning(s).

<h2>Software Packages used:</h2>

Package Vendor: ARM
                http://www.keil.com/pack/ARM.CMSIS.5.7.0.pack
                ARM.CMSIS.5.7.0
                CMSIS (Cortex Microcontroller Software Interface Standard)

<h2>Collection of Component include folders:</h2>
  D:\Keil_v5\Arm\Packs\ARM\CMSIS\5.7.0\Device\ARM\ARMCM33\Include

<h2>Collection of Component Files used:</h2>
Build Time Elapsed:  00:00:03
</pre>
</body>
</html>
