<html>
<body>
<pre>
<h1>µVision Build Log</h1>
<h2>Tool Versions:</h2>
IDE-Version: ¦ÌVision V5.33.0.0
Copyright (C) 2020 ARM Ltd and ARM Germany GmbH. All rights reserved.
License Information: a b, c, LIC=UJWP0-BZ1CE-CXEU6-DH9VE-FS84T-07Y31
 
Tool Versions:
Toolchain:       MDK-ARM Plus  Version: 5.33.0.0
Toolchain Path:  D:\Keil_v5\ARM\ARMCC\Bin
C Compiler:      Armcc.exe V5.06 update 7 (build 960)
Assembler:       Armasm.exe V5.06 update 7 (build 960)
Linker/Locator:  ArmLink.exe V5.06 update 7 (build 960)
Library Manager: ArmAr.exe V5.06 update 7 (build 960)
Hex Converter:   FromElf.exe V5.06 update 7 (build 960)
CPU DLL:         SARMCM3.DLL V5.33.0.0
Dialog DLL:      DARMCM1.DLL V1.19.4.0
Target DLL:      CMSIS_AGDI.dll V1.32.12.0
Dialog DLL:      TARMCM1.DLL V1.14.3.0
 
<h2>Project:</h2>
Z:\Aisinochip\uCOSIIv2.83\Bsp\ACM32F0\acm32f0_keil\ACM32F0.uvguix.uvprojx
Project File Date:  01/26/2022

<h2>Output:</h2>
*** Using Compiler 'V5.06 update 7 (build 960)', folder: 'D:\Keil_v5\ARM\ARMCC\Bin'
Build target 'ACM32F0'
assembling Startup_ACM32F0x0.s...
linking...
Program Size: Code=10864 RO-data=480 RW-data=108 ZI-data=8164  
FromELF: creating hex file...
After Build - User command #1: fromelf.exe --bin --output ./Out_Files/ACM32F0.bin ./Objects/ACM32F0.axf
".\Objects\ACM32F0.axf" - 0 Error(s), 0 Warning(s).

<h2>Software Packages used:</h2>

Package Vendor: ARM
                http://www.keil.com/pack/ARM.CMSIS.5.7.0.pack
                ARM.CMSIS.5.7.0
                CMSIS (Cortex Microcontroller Software Interface Standard)

<h2>Collection of Component include folders:</h2>
  D:\Keil_v5\Arm\Packs\ARM\CMSIS\5.7.0\Device\ARM\ARMCM0\Include

<h2>Collection of Component Files used:</h2>
Build Time Elapsed:  00:00:03
</pre>
</body>
</html>
